2026-09-30 13:12:58,898 INFO declared family: 42 tests, 2 significant at q<0.05

=== aromatic_fraction ===
              motif scope  n_residues_mapped  interface_overlap  observed  control_mean  fold   z  p_perm  q_bh  significant_q05
       KIR_aromatic SOCS1                  1                  1    0.8849           NaN   NaN NaN     NaN   NaN            False
       KIR_aromatic SOCS3                  1                  1    0.9673           NaN   NaN NaN     NaN   NaN            False
       KIR_aromatic SOCS2                  1                  1    0.0100           NaN   NaN NaN     NaN   NaN            False
          BCloop_FF SOCS1                  2                  2    0.9950           NaN   NaN NaN     NaN   NaN            False
          BCloop_FF SOCS3                  2                  2    0.9389           NaN   NaN NaN     NaN   NaN            False
          BCloop_FF SOCS2                  2                  2    0.2107           NaN   NaN NaN     NaN   NaN            False
BCloop_QR_SOCS1only SOCS1                  2                  2    0.0000           NaN   NaN NaN     NaN   NaN            False
BCloop_QR_SOCS1only SOCS3                  2                  2    0.0000           NaN   NaN NaN     NaN   NaN            False
BCloop_QR_SOCS1only SOCS2                  2                  2    0.0033           NaN   NaN NaN     NaN   NaN            False
        KIR_H54_R59 SOCS1                  6                  6    0.3224           NaN   NaN NaN     NaN   NaN            False
        KIR_H54_R59 SOCS3                  6                  6    0.2055           NaN   NaN NaN     NaN   NaN            False
        KIR_H54_R59 SOCS2                  6                  6    0.0164           NaN   NaN NaN     NaN   NaN            False
        ESS_I68_L75 SOCS1                  2                  2    0.0000           NaN   NaN NaN     NaN   NaN            False
        ESS_I68_L75 SOCS3                  2                  2    0.0007           NaN   NaN NaN     NaN   NaN            False
        ESS_I68_L75 SOCS2                  2                  2    0.0042           NaN   NaN NaN     NaN   NaN            False
           KIR_full SOCS1                 12                 12    0.2373           NaN   NaN NaN     NaN   NaN            False
           KIR_full SOCS3                 12                 12    0.1835           NaN   NaN NaN     NaN   NaN            False
           KIR_full SOCS2                 12                 12    0.0120           NaN   NaN NaN     NaN   NaN            False
           ESS_full SOCS1                 12                  8    0.0070           NaN   NaN NaN     NaN   NaN            False
           ESS_full SOCS3                 12                  8    0.0022           NaN   NaN NaN     NaN   NaN            False
           ESS_full SOCS2                 12                  8    0.0052           NaN   NaN NaN     NaN   NaN            False
  SH2_pTyr_arginine SOCS1                  1                  1    0.0000           NaN   NaN NaN     NaN   NaN            False
  SH2_pTyr_arginine SOCS3                  1                  1    0.0000           NaN   NaN NaN     NaN   NaN            False
  SH2_pTyr_arginine SOCS2                  1                  1    0.0000           NaN   NaN NaN     NaN   NaN            False
           SH2_FLVR SOCS1                  4                  1    0.2500           NaN   NaN NaN     NaN   NaN            False
           SH2_FLVR SOCS3                  4                  1    0.2496           NaN   NaN NaN     NaN   NaN            False
           SH2_FLVR SOCS2                  4                  1    0.2492           NaN   NaN NaN     NaN   NaN            False
      JAK_GQM_motif  JAK1                  3                  3    0.0000           NaN   NaN NaN     NaN   NaN            False
      JAK_GQM_motif  JAK2                  3                  3    0.0000           NaN   NaN NaN     NaN   NaN            False
      JAK_GQM_motif  TYK2                  3                  3    0.0019           NaN   NaN NaN     NaN   NaN            False
JAK_activation_loop  JAK1                 11                  6    0.1812           NaN   NaN NaN     NaN   NaN            False
JAK_activation_loop  JAK2                 11                  6    0.1807           NaN   NaN NaN     NaN   NaN            False
JAK_activation_loop  TYK2                 11                  6    0.1813           NaN   NaN NaN     NaN   NaN            False

=== constraint_jsd ===
              motif scope  n_residues_mapped  interface_overlap  observed  control_mean  fold      z   p_perm     q_bh  significant_q05
        KIR_H54_R59 SOCS1                  6                  6    0.6690        0.4106 1.629  2.291 0.020979 0.215035            False
           ESS_full SOCS3                 12                  8    0.5990        0.3947 1.518  2.295 0.023976 0.215035            False
        KIR_H54_R59 SOCS2                  6                  6    0.0920        0.3409 0.270 -2.285 0.025974 0.215035            False
           KIR_full SOCS2                 12                 12    0.1812        0.3428 0.528 -2.064 0.031968 0.215035            False
           SH2_FLVR SOCS2                  4                  1    0.7328        0.5292 1.385  1.970 0.038961 0.215035            False
           SH2_FLVR SOCS1                  4                  1    0.7777        0.6010 1.294  1.937 0.040959 0.215035            False
           KIR_full SOCS3                 12                 12    0.5723        0.3961 1.445  1.930 0.054945 0.256410            False
        KIR_H54_R59 SOCS3                  6                  6    0.6341        0.3991 1.589  1.799 0.069930 0.267006            False
          BCloop_FF SOCS1                  2                  2    0.8274        0.6041 1.369  1.722 0.078921 0.274341            False
           SH2_FLVR SOCS3                  4                  1    0.7919        0.6360 1.245  1.659 0.084915 0.274341            False
  SH2_pTyr_arginine SOCS2                  1                  1    0.8454        0.5353 1.579  1.533 0.096903 0.290709            False
           ESS_full SOCS1                 12                  8    0.5324        0.4110 1.296  1.525 0.133866 0.374825            False
JAK_activation_loop  JAK2                 11                  6    0.7631        0.7089 1.076  1.403 0.146853 0.385490            False
           KIR_full SOCS1                 12                 12    0.5240        0.4115 1.274  1.378 0.163836 0.404772            False
  SH2_pTyr_arginine SOCS1                  1                  1    0.8491        0.6066 1.400  1.306 0.176823 0.412587            False
        ESS_I68_L75 SOCS2                  2                  2    0.2127        0.3588 0.593 -1.235 0.188811 0.417372            False
        ESS_I68_L75 SOCS3                  2                  2    0.4939        0.6201 0.796 -1.218 0.243756 0.465353            False
  SH2_pTyr_arginine SOCS3                  1                  1    0.8481        0.6410 1.323  1.124 0.261738 0.477957            False
       KIR_aromatic SOCS3                  1                  1    0.6910        0.5615 1.231  0.826 0.378621 0.614902            False
      JAK_GQM_motif  JAK1                  3                  3    0.7577        0.6753 1.122  0.904 0.394605 0.614902            False
JAK_activation_loop  JAK1                 11                  6    0.7130        0.6747 1.057  0.770 0.414585 0.614902            False
       KIR_aromatic SOCS1                  1                  1    0.6577        0.5119 1.285  0.858 0.421578 0.614902            False
          BCloop_FF SOCS3                  2                  2    0.7552        0.6407 1.179  0.879 0.424575 0.614902            False
        ESS_I68_L75 SOCS1                  2                  2    0.4364        0.5517 0.791 -0.932 0.464535 0.650350            False
BCloop_QR_SOCS1only SOCS2                  2                  2    0.4476        0.5413 0.827 -0.594 0.540460 0.659674            False
JAK_activation_loop  TYK2                 11                  6    0.6484        0.6176 1.050  0.553 0.553447 0.659674            False
       KIR_aromatic SOCS2                  1                  1    0.2302        0.1767 1.303  0.424 0.559441 0.659674            False
          BCloop_FF SOCS2                  2                  2    0.6255        0.5369 1.165  0.630 0.565435 0.659674            False
      JAK_GQM_motif  TYK2                  3                  3    0.5740        0.6192 0.927 -0.431 0.628372 0.694516            False
BCloop_QR_SOCS1only SOCS3                  2                  2    0.7118        0.6418 1.109  0.551 0.658342 0.708983            False
      JAK_GQM_motif  JAK2                  3                  3    0.7375        0.7108 1.038  0.391 0.726274 0.762587            False
BCloop_QR_SOCS1only SOCS1                  2                  2    0.6092        0.6095 0.999 -0.028 0.998002 0.998002            False
           ESS_full SOCS2                 12                  8    0.3344        0.3346 1.000 -0.007 0.998002 0.998002            False

=== specificity_mi ===
              motif           scope  n_residues_mapped  interface_overlap  observed  control_mean  fold      z   p_perm     q_bh  significant_q05
        KIR_H54_R59 binder_vs_SOCS2                  6                  6    0.7626        0.2315 3.294  6.103 0.000999 0.020979             True
           KIR_full binder_vs_SOCS2                 12                 12    0.5568        0.2283 2.439  5.321 0.000999 0.020979             True
           SH2_FLVR binder_vs_SOCS2                  4                  1    0.0787        0.3027 0.260 -1.884 0.062937 0.264336            False
  SH2_pTyr_arginine binder_vs_SOCS2                  1                  1    0.0016        0.2954 0.005 -1.206 0.209790 0.425574            False
          BCloop_FF binder_vs_SOCS2                  2                  2    0.5014        0.2867 1.749  1.294 0.212787 0.425574            False
           ESS_full binder_vs_SOCS2                 12                  8    0.3111        0.2415 1.288  1.047 0.300699 0.526224            False
BCloop_QR_SOCS1only binder_vs_SOCS2                  2                  2    0.4067        0.2890 1.407  0.679 0.549451 0.659674            False
       KIR_aromatic binder_vs_SOCS2                  1                  1    0.7779        0.5367 1.449  1.053 0.550450 0.659674            False
        ESS_I68_L75 binder_vs_SOCS2                  2                  2    0.3609        0.3011 1.199  0.558 0.597403 0.678133            False
